  >ĵ   J   `ȅ^^si݃zيy,"BH%/Et0c`l? 7BOgbz?9x ѱE۬SVxuQ9u8wC\%X*Ay_P˶srM~C`3H؎]:qVasr\G4MXM>4ބVj}K_|i ZӷYHe:%f僆h7yĵ@   `L,`:`$Ҷ`L!`/`e,/-d`L``þL2X9`LM`]`ٮY$`Lm`}`)CDR`L``A|:.`L`!`h2g`L؇``m9Q`LK`Y`u`L`	`I~K/`L=`K`zjӵ`LU`e`5mU`L``/?X&g`Lo`}`9T`L(`6`Sg[`LE`U͆`͐xYc`L``UL	+`L``o`1}%+i\`LD`R`cin-`L``}YF+Ea`L`%`Zt`L/`=`,`L5`E`ǚ`LY`h`
B7`L}``+`LA`P`;1Si`L}`-`oM`Le`uʇ`]$``L-`=`6'fg`Lu``E{S`L``]f`L%`5`=fAi`L]Ԇ`m`8 W`L=`M`
+`L-`=`	|K`LU͆`eۆ`+`L6`D`]Y`L%`3`ajI	)`L``Q[i:G`L]`mÇ`!n`LmÇ`}ч`x4`L}ч`߇`q|]as`Leۆ`u`w%PL`L߇``yWQ`L``A>U)#`LI`W`tk]`LR```i£`LMƆ`]Ԇ`Y?CS;`Luʇ`؇`Fn`L5`E`%2l&z`L``"P``Lh`v`-&ub`L=`MƆ`Q,I	kF`L`(`ɓ0H`L%`5`~M`L`,`uNۅo`L3`A`2]&e`L``
IV $`L:`I`w`L	``R{Xȹ`L`-`vDdd`L`%`veW0`LE`U`MU`Lv`%`MVqPĵ    ĵ          149.154.175.50              149.154.167.51              149.154.175.100             149.154.167.91              149.154.171.5               173.240.5.1         7y        \    